﻿
> vinis@0.0.0 build
> vite build

[36mvite v8.0.3 [32mbuilding client environment for production...[36m[39m
[2K
transforming...Ô£ô 2452 modules transformed.
rendering chunks...
computing gzip size...
dist/index.html                     0.80 kB Ôöé gzip:   0.43 kB
dist/assets/index-DyqXVGIE.css     82.30 kB Ôöé gzip:  16.66 kB
dist/assets/index-Cwa73JFj.js   1,024.12 kB Ôöé gzip: 274.17 kB

node.exe : [33m[plugin builtin:vite-reporter] 
No linha:1 caractere:1
+ & "C:\Program Files\nodejs/node.exe" "C:\Users\PC-DRESBACHD.LTADA\App ...
+ ~~~~~~~~~~~~~~~~~~~~~~~~~~~~~~~~~~~~~~~~~~~~~~~~~~~~~~~~~~~~~~~~~~~~~
    + CategoryInfo          : NotSpecified: ([33m[plugin builtin:vite-reporter] :String) [], RemoteException
    + FullyQualifiedErrorId : NativeCommandError
 
(!) Some chunks are larger than 500 kB after minification. Consider:
- Using dynamic import() to code-split the application
- Use build.rolldownOptions.output.codeSplitting to improve chunking: 
https://rolldown.rs/reference/OutputOptions.codeSplitting
- Adjust chunk size limit for this warning via build.chunkSizeWarningLimit.[39m
[31mÔ£ù[39m Build failed in 6.60s
[31merror during build:
[31mBuild failed with 1 error:

Error: [vite]: Rolldown failed to resolve import "react-hot-toast" from "F:/VINIS/src/pages/Configuracoes.jsx".
This is most likely unintended because it can break your application at runtime.
If you do want to externalize this module explicitly add it to
`build.rollupOptions.external`
    at viteLog (file:///F:/VINIS/node_modules/vite/dist/node/chunks/node.js:32942:57)
    at file:///F:/VINIS/node_modules/vite/dist/node/chunks/node.js:32978:71
    at onwarn (file:///F:/VINIS/node_modules/@vitejs/plugin-react/dist/index.js:40:7)
    at file:///F:/VINIS/node_modules/vite/dist/node/chunks/node.js:32978:28
    at onRollupLog (file:///F:/VINIS/node_modules/vite/dist/node/chunks/node.js:32973:63)
    at onLog (file:///F:/VINIS/node_modules/vite/dist/node/chunks/node.js:32743:4)
    at file:///F:/VINIS/node_modules/rolldown/dist/shared/rolldown-build-CPrIX9V6.mjs:49:26
    at logger (file:///F:/VINIS/node_modules/rolldown/dist/shared/rolldown-build-CPrIX9V6.mjs:40:3)
    at onLog (file:///F:/VINIS/node_modules/rolldown/dist/shared/bindingify-input-options-e7ze4hPR.mjs:1972:32)[31m
    at aggregateBindingErrorsIntoJsError (file:///F:/VINIS/node_modules/rolldown/dist/shared/error-BLhcSyeg.mjs:48:18)
    at unwrapBindingResult (file:///F:/VINIS/node_modules/rolldown/dist/shared/error-BLhcSyeg.mjs:18:128)
    at #build (file:///F:/VINIS/node_modules/rolldown/dist/shared/rolldown-build-CPrIX9V6.mjs:3313:34)
    at async buildEnvironment (file:///F:/VINIS/node_modules/vite/dist/node/chunks/node.js:32849:64)
    at async Object.build (file:///F:/VINIS/node_modules/vite/dist/node/chunks/node.js:33271:19)
    at async Object.buildApp (file:///F:/VINIS/node_modules/vite/dist/node/chunks/node.js:33268:153)
    at async CAC.<anonymous> (file:///F:/VINIS/node_modules/vite/dist/node/cli.js:778:3) {
  errors: [Getter/Setter]
}[39m
